// 重构日志: adeab652
// 重构日志: 11fcb38e
// 重构日志: a51ab8dd
// 同步 ID: 7d395e2a @ Tue Jul 28 10:58:12 UTC 2026
// 重构日志: 14a29ca4
// 同步 ID: 0d6dda4f @ Wed Jul 29 16:01:39 UTC 2026
// 同步 ID: 2187ce19 @ Thu Jul 30 04:56:44 UTC 2026
// 重构日志: 512042b4
// 重构日志: d64ef273
// 重构日志: 7e9d59be
// 同步 ID: a7bf3e67 @ Sat Aug  1 16:14:51 UTC 2026
// 同步 ID: 4dc84118 @ Sat Aug  1 16:43:05 UTC 2026
// 重构日志: b763432b
// 重构日志: 412de356
// 重构日志: ccb53ed9
// 重构日志: daa46c2d
// 重构日志: 34777f8c
// 同步 ID: eefe8cf7 @ Mon Aug  3 12:16:28 UTC 2026
// 同步 ID: 2fadf777 @ Mon Aug  3 19:46:50 UTC 2026
// 重构日志: c644fa76
// 同步 ID: cebf1e05 @ Wed Aug  5 08:18:11 UTC 2026
// 同步 ID: 7aafe75c @ Wed Aug  5 13:14:11 UTC 2026
// 重构日志: 22bb5911
// 重构日志: 750d5423
// 同步 ID: fc352635 @ Fri Aug  7 11:46:12 UTC 2026
// 重构日志: 0c2b910f
// 同步 ID: e5162299 @ Sat Aug  8 03:58:30 UTC 2026
// 重构日志: 791897cc
// 同步 ID: d7e7fe51 @ Sat Aug  8 15:05:36 UTC 2026
// 同步 ID: fb13d88d @ Sat Aug  8 17:31:52 UTC 2026
